// Jest Snapshot v1, https://goo.gl/fbAQLP

exports[`Testing al cliente Es Nico 1`] = `
Object {
  "balance": 500,
  "nombre": "Nico22",
  "tipo": "Premium",
}
`;
